
> carexpert-platform@0.1.0 build
> tsc && vite build

src/components/sample-credentials.tsx(2,1): error TS6133: 'Button' is declared but its value is never read.
src/components/sample-credentials.tsx(3,1): error TS6192: All imports in import declaration are unused.
src/components/sample-credentials.tsx(6,21): error TS6133: 'setIsVisible' is declared but its value is never read.
src/components/sidebar.tsx(53,7): error TS2322: Type 'Timeout' is not assignable to type 'number'.
src/pages/AppointmentHistoryPage.tsx(2,29): error TS6133: 'CardDescription' is declared but its value is never read.
src/pages/AppointmentHistoryPage.tsx(2,46): error TS6133: 'CardHeader' is declared but its value is never read.
src/pages/AppointmentHistoryPage.tsx(2,58): error TS6133: 'CardTitle' is declared but its value is never read.
src/pages/AppointmentHistoryPage.tsx(5,51): error TS6133: 'Mail' is declared but its value is never read.
src/pages/AppointmentHistoryPage.tsx(5,57): error TS6133: 'Filter' is declared but its value is never read.
src/pages/auth/LoginSignup.tsx(6,29): error TS6133: 'CardDescription' is declared but its value is never read.
src/pages/auth/LoginSignup.tsx(6,58): error TS6133: 'CardTitle' is declared but its value is never read.
src/pages/auth/LoginSignup.tsx(9,1): error TS6133: 'Badge' is declared but its value is never read.
src/pages/AuthPage.tsx(2,24): error TS1149: File name 'E:/gdc/gdc2/CareXpert_frontend/src/components/Navbar.tsx' differs from already included file name 'E:/gdc/gdc2/CareXpert_frontend/src/components/navbar.tsx' only in casing.
  The file is in the program because:
    Imported via "./navbar" from file 'E:/gdc/gdc2/CareXpert_frontend/src/components/DashboardLayout.tsx'
    Imported via "../components/Navbar" from file 'E:/gdc/gdc2/CareXpert_frontend/src/pages/HomePage.tsx'
    Imported via "../components/navbar" from file 'E:/gdc/gdc2/CareXpert_frontend/src/pages/AboutPage.tsx'
    Imported via "../components/navbar" from file 'E:/gdc/gdc2/CareXpert_frontend/src/pages/DoctorProfilePage.tsx'
    Imported via "../components/navbar" from file 'E:/gdc/gdc2/CareXpert_frontend/src/pages/BookAppointmentPage.tsx'
    Imported via "../components/Navbar" from file 'E:/gdc/gdc2/CareXpert_frontend/src/pages/AuthPage.tsx'
    Matched by include pattern 'src' in 'E:/gdc/gdc2/CareXpert_frontend/tsconfig.json'
    Imported via "../components/navbar" from file 'E:/gdc/gdc2/CareXpert_frontend/src/pages/DashboardPage.tsx'
src/pages/DoctorAppointmentHistoryPage.tsx(2,1): error TS6133: 'Button' is declared but its value is never read.
src/pages/DoctorAppointmentHistoryPage.tsx(6,3): error TS6133: 'CardDescription' is declared but its value is never read.
src/pages/DoctorAppointmentHistoryPage.tsx(7,3): error TS6133: 'CardHeader' is declared but its value is never read.
src/pages/DoctorAppointmentHistoryPage.tsx(8,3): error TS6133: 'CardTitle' is declared but its value is never read.
src/pages/DoctorAppointmentHistoryPage.tsx(16,3): error TS6133: 'User' is declared but its value is never read.
src/pages/DoctorAppointmentHistoryPage.tsx(18,3): error TS6133: 'Filter' is declared but its value is never read.
src/pages/DoctorPendingRequestsPage.tsx(25,3): error TS6133: 'User' is declared but its value is never read.
src/pages/DoctorPendingRequestsPage.tsx(27,3): error TS6133: 'MapPin' is declared but its value is never read.
src/pages/DoctorsPage.tsx(5,1): error TS6133: 'Badge' is declared but its value is never read.
src/pages/DoctorsPage.tsx(7,1): error TS6133: 'SearchX' is declared but its value is never read.
src/pages/DoctorsPage.tsx(24,18): error TS6133: 'MapPin' is declared but its value is never read.
src/pages/DoctorsPage.tsx(24,26): error TS6133: 'Clock' is declared but its value is never read.
src/pages/DoctorsPage.tsx(24,41): error TS6133: 'Heart' is declared but its value is never read.
src/pages/DoctorsPage.tsx(157,9): error TS6133: 'openBookingDialog' is declared but its value is never read.
src/pages/HomePage.tsx(11,24): error TS1149: File name 'E:/gdc/gdc2/CareXpert_frontend/src/components/Navbar.tsx' differs from already included file name 'E:/gdc/gdc2/CareXpert_frontend/src/components/navbar.tsx' only in casing.
  The file is in the program because:
    Imported via "./navbar" from file 'E:/gdc/gdc2/CareXpert_frontend/src/components/DashboardLayout.tsx'
    Imported via "../components/Navbar" from file 'E:/gdc/gdc2/CareXpert_frontend/src/pages/HomePage.tsx'
    Imported via "../components/navbar" from file 'E:/gdc/gdc2/CareXpert_frontend/src/pages/AboutPage.tsx'
    Imported via "../components/navbar" from file 'E:/gdc/gdc2/CareXpert_frontend/src/pages/DoctorProfilePage.tsx'
    Imported via "../components/navbar" from file 'E:/gdc/gdc2/CareXpert_frontend/src/pages/BookAppointmentPage.tsx'
    Imported via "../components/Navbar" from file 'E:/gdc/gdc2/CareXpert_frontend/src/pages/AuthPage.tsx'
    Matched by include pattern 'src' in 'E:/gdc/gdc2/CareXpert_frontend/tsconfig.json'
    Imported via "../components/navbar" from file 'E:/gdc/gdc2/CareXpert_frontend/src/pages/DashboardPage.tsx'
